BEGIN:VCALENDAR
PRODID:-//HandGen//NONSGML vGen v1.0//EN
VERSION:2.0
X-KDE-ICAL-IMPLEMENTATION-VERSION:1.0
BEGIN:VEVENT
DTSTAMP:19981116T145958Z
X-FOO-CUST-CODE:1998-ABC Corp-1234
CREATED:20240825T102133Z
UID:19981116T150000@cal10.host.com
LAST-MODIFIED:19981116T145958Z
SUMMARY:Project XYZ Review
LOCATION:Conference Room 23A
CATEGORIES:Appointment,Work
DTSTART:19981116T163000Z
DTEND:19981116T190000Z
TRANSP:OPAQUE
END:VEVENT
END:VCALENDAR
