BEGIN:VCALENDAR
PRODID:-//hacksw/handcal//NONSGML 1.0//EN
VERSION:2.0
X-KDE-ICAL-IMPLEMENTATION-VERSION:1.0
BEGIN:VEVENT
CREATED:20240825T095502Z
UID:19970901T130000Z-123401@host.com
SUMMARY:Annual Employee Review
CLASS:PRIVATE
CATEGORIES:Business,Human Resources
DTSTAMP:19970901T130000Z
DTSTART:19970903T163000Z
DTEND:19970903T190000Z
TRANSP:OPAQUE
END:VEVENT
END:VCALENDAR
