BEGIN:VCALENDAR
PRODID:-//hacksw/handcal//NONSGML 1.0//EN
VERSION:2.0
X-KDE-ICAL-IMPLEMENTATION-VERSION:1.0
BEGIN:VEVENT
DTSTAMP:19990101T130000Z
CREATED:20240825T100829Z
UID:19990101T125957Z-123403@host.com
LAST-MODIFIED:19990101T130000Z
SUMMARY:Our Blissful Anniversary
CLASS:CONFIDENTIAL
CATEGORIES:Anniversary,Personal,Special Occasion
RRULE:FREQ=YEARLY
DTSTART;VALUE=DATE:19991102
TRANSP:TRANSPARENT
END:VEVENT
END:VCALENDAR
