BEGIN:VCALENDAR
PRODID:-//Example Inc.//Example Calendar//EN
VERSION:2.0
X-KDE-ICAL-IMPLEMENTATION-VERSION:1.0
BEGIN:VEVENT
DTSTAMP:20080205T191224Z
CREATED:20240825T133800Z
UID:4088E990AD89CB3DBB484909
LAST-MODIFIED:20080205T191224Z
SUMMARY:Planning meeting
DTSTART;VALUE=DATE:20081006
TRANSP:OPAQUE
END:VEVENT
END:VCALENDAR
