BEGIN:VCALENDAR
PRODID:-//K Desktop Environment//NONSGML libkcal 4.3//EN
VERSION:2.0
X-KDE-ICAL-IMPLEMENTATION-VERSION:1.0
X-LibKCal-Testsuite-OutTZ:Europe/London
BEGIN:VTIMEZONE
TZID:GM
BEGIN:STANDARD
TZNAME:CET
TZOFFSETFROM:+0000
TZOFFSETTO:+0100
DTSTART:19781231T230000
RDATE;VALUE=DATE-TIME:19781231T230000
END:STANDARD
BEGIN:DAYLIGHT
TZNAME:CEST
TZOFFSETFROM:+0100
TZOFFSETTO:+0200
DTSTART:19810329T020000
RRULE:FREQ=YEARLY;BYDAY=-1SU;BYMONTH=3
END:DAYLIGHT
BEGIN:DAYLIGHT
TZNAME:CEST
TZOFFSETFROM:+0100
TZOFFSETTO:+0200
DTSTART:19790401T020000
RDATE;VALUE=DATE-TIME:19790401T020000
RDATE;VALUE=DATE-TIME:19800406T020000
END:DAYLIGHT
BEGIN:STANDARD
TZNAME:CET
TZOFFSETFROM:+0200
TZOFFSETTO:+0100
DTSTART:19971026T030000
RRULE:FREQ=YEARLY;BYDAY=-1SU;BYMONTH=10
END:STANDARD
BEGIN:STANDARD
TZNAME:CET
TZOFFSETFROM:+0200
TZOFFSETTO:+0100
DTSTART:19790930T030000
RRULE:FREQ=YEARLY;UNTIL=19961027T030000;COUNT=17;BYDAY=-1SU;BYMONTH=9
RDATE;VALUE=DATE-TIME:19950924T030000
END:STANDARD
END:VTIMEZONE
BEGIN:VTIMEZONE
TZID:GM
BEGIN:STANDARD
TZNAME:CET
TZOFFSETFROM:+0000
TZOFFSETTO:+0100
DTSTART:19781231T230000
RDATE;VALUE=DATE-TIME:19781231T230000
END:STANDARD
BEGIN:DAYLIGHT
TZNAME:CEST
TZOFFSETFROM:+0100
TZOFFSETTO:+0200
DTSTART:19810329T020000
RRULE:FREQ=YEARLY;BYDAY=-1SU;BYMONTH=3
END:DAYLIGHT
BEGIN:DAYLIGHT
TZNAME:CEST
TZOFFSETFROM:+0100
TZOFFSETTO:+0200
DTSTART:19790401T020000
RDATE;VALUE=DATE-TIME:19790401T020000
RDATE;VALUE=DATE-TIME:19800406T020000
END:DAYLIGHT
BEGIN:STANDARD
TZNAME:CET
TZOFFSETFROM:+0200
TZOFFSETTO:+0100
DTSTART:19971026T030000
RRULE:FREQ=YEARLY;BYDAY=-1SU;BYMONTH=10
END:STANDARD
BEGIN:STANDARD
TZNAME:CET
TZOFFSETFROM:+0200
TZOFFSETTO:+0100
DTSTART:19790930T030000
RRULE:FREQ=YEARLY;UNTIL=19961027T030000;COUNT=17;BYDAY=-1SU;BYMONTH=9
RDATE;VALUE=DATE-TIME:19950924T030000
END:STANDARD
END:VTIMEZONE
BEGIN:VEVENT
DTSTAMP:20070127T201124Z
CREATED:20070127T201013Z
UID:20070127T211005Z-13428-100-1-0@emsig
SEQUENCE:2
LAST-MODIFIED:20070127T201124Z
SUMMARY:Nominal is 1200 to 1230 _GMT_ on 27 Jan 2007
DTSTART;TZID=GM:20070127T120000
DTEND;TZID=GM:20070127T123000
TRANSP:OPAQUE
END:VEVENT
END:VCALENDAR
